[2026-05-30T21:49:26.426Z] ELIFECYCLE  Command failed.
[2026-05-30T21:49:26.432Z] Dev server exited with code -1
[2026-05-30T21:49:27.527Z] Starting dev server with command: pnpm run dev
[2026-05-30T21:49:27.886Z] > sgh-crm-portal@1.0.0 dev /home/ubuntu/sgh-crm-portal
[2026-05-30T21:49:27.886Z] > cross-env NODE_ENV=development tsx watch server/_core/index.ts
[2026-05-30T21:49:28.901Z] /home/ubuntu/sgh-crm-portal/shared/config.ts:396
[2026-05-30T21:49:28.901Z] throw new Error(
[2026-05-30T21:49:28.901Z] ^
[2026-05-30T21:49:28.901Z] Error: JWT_SECRET must be at least 32 characters long for security
[2026-05-30T21:49:28.901Z] at validateEnv (/home/ubuntu/sgh-crm-portal/shared/config.ts:396:11)
[2026-05-30T21:49:28.901Z] at <anonymous> (/home/ubuntu/sgh-crm-portal/server/_core/env.ts:58:1)
[2026-05-30T21:49:28.901Z] at ModuleJob.run (node:internal/modules/esm/module_job:271:25)
[2026-05-30T21:49:28.901Z] at async onImport.tracePromise.__proto__ (node:internal/modules/esm/loader:547:26)
[2026-05-30T21:49:28.901Z] at async asyncRunEntryPointWithESMLoader (node:internal/modules/run_main:116:5)
[2026-05-30T21:49:28.901Z] Node.js v22.13.0
[2026-06-07T18:22:56.300Z] ELIFECYCLE  Command failed.
[2026-06-07T18:22:56.305Z] Dev server exited with code -1
[2026-06-07T18:22:57.401Z] Starting dev server with command: pnpm run dev
[2026-06-07T18:22:57.722Z] > sgh-crm-portal@1.0.0 dev /home/ubuntu/sgh-crm-portal
[2026-06-07T18:22:57.722Z] > cross-env NODE_ENV=development tsx watch server/_core/index.ts
[2026-06-07T18:22:58.713Z] /home/ubuntu/sgh-crm-portal/shared/config.ts:398
[2026-06-07T18:22:58.713Z] throw new Error(
[2026-06-07T18:22:58.713Z] ^
[2026-06-07T18:22:58.713Z] Error: JWT_SECRET must be at least 32 characters long for security
[2026-06-07T18:22:58.713Z] at validateEnv (/home/ubuntu/sgh-crm-portal/shared/config.ts:398:11)
[2026-06-07T18:22:58.713Z] at <anonymous> (/home/ubuntu/sgh-crm-portal/server/_core/env.ts:58:1)
[2026-06-07T18:22:58.713Z] at ModuleJob.run (node:internal/modules/esm/module_job:271:25)
[2026-06-07T18:22:58.713Z] at async onImport.tracePromise.__proto__ (node:internal/modules/esm/loader:547:26)
[2026-06-07T18:22:58.713Z] at async asyncRunEntryPointWithESMLoader (node:internal/modules/run_main:116:5)
[2026-06-07T18:22:58.713Z] Node.js v22.13.0
[2026-08-15T21:24:01.952Z] Starting dev server with command: pnpm run dev
[2026-08-15T21:24:03.320Z] $ node scripts/check-env.mjs
[2026-08-15T21:24:03.370Z] 🔍 Checking environment variables...
[2026-08-15T21:24:03.371Z] ❌ Error: .env file not found!
[2026-08-15T21:24:03.371Z] 💡 Please create .env file from .env.example:
[2026-08-15T21:24:03.371Z] cp .env.example .env
[2026-08-15T21:24:03.403Z] [ELIFECYCLE] Command failed with exit code 1.
[2026-08-15T21:24:03.436Z] Dev server exited with code 1
[2026-08-15T21:24:10.089Z] Starting dev server with command: pnpm run dev
[2026-08-15T21:24:11.389Z] $ node scripts/check-env.mjs
[2026-08-15T21:24:11.440Z] 🔍 Checking environment variables...
[2026-08-15T21:24:11.440Z] ❌ Error: .env file not found!
[2026-08-15T21:24:11.441Z] 💡 Please create .env file from .env.example:
[2026-08-15T21:24:11.441Z] cp .env.example .env
[2026-08-15T21:24:11.475Z] [ELIFECYCLE] Command failed with exit code 1.
[2026-08-15T21:24:11.505Z] Dev server exited with code 1
[2026-08-15T23:26:53.730Z] Starting dev server with command: pnpm run dev
[2026-08-15T23:26:55.060Z] $ node scripts/check-env.mjs
[2026-08-15T23:26:55.107Z] 🔍 Checking environment variables...
[2026-08-15T23:26:55.108Z] ❌ Error: .env file not found!
[2026-08-15T23:26:55.108Z] 💡 Please create .env file from .env.example:
[2026-08-15T23:26:55.108Z] cp .env.example .env
[2026-08-15T23:26:55.137Z] [ELIFECYCLE] Command failed with exit code 1.
[2026-08-15T23:26:55.169Z] Dev server exited with code 1
[2026-08-15T23:31:02.744Z] Starting dev server with command: pnpm run dev
[2026-08-15T23:31:04.187Z] $ node scripts/check-env.mjs
[2026-08-15T23:31:04.238Z] 🔍 Checking environment variables...
[2026-08-15T23:31:04.238Z] ❌ Error: .env file not found!
[2026-08-15T23:31:04.238Z] 💡 Please create .env file from .env.example:
[2026-08-15T23:31:04.238Z] cp .env.example .env
[2026-08-15T23:31:04.267Z] [ELIFECYCLE] Command failed with exit code 1.
[2026-08-15T23:31:04.295Z] Dev server exited with code 1
